write
friends
property
online
cnet
japan
poker
leave
tool
stop
short
format
images
april
write
select
live
active
document
michael
tool
analysis
offers
property
institute
certain
taken
commercial
united
reviews
west
miles
music
article
when
what
facilities
agency
equipment
november
equipment
commercial
sports
pages
hope
common
voice
that
parts
number
united
flash
archives
write
mobile
american
eh
november
wednesday
paul
level
city
change
purchase
discussion
clear
pages
taken
status
east
function
college
studies
name
record
terms
statement
meet
discount
does
delivery
half
live
conference
individual
marketing
official
best
supplies
photos
eh
release
chat
files
west
writing
function
around
outside
true
primary
process
shows
network
hard
office
eh
given
human
foundation
topic
garden
shown
resources
popular
number
stores
africa
item
item
lesbian
side
house
several
marketing
food
eh
people
county
archives
june
stock
follow
news
david
hotels
come
left
eh
stop
message
radio
rights
private
church
record
discussion
australia
display
party
outside
kind
sound
changes
poker
necessary
featured
know
writing
regional
homepage
stop
known
australia
software
level
another
hope
follow
mean
friends
share
photos
department
sign
advanced
good
project
take
says
february
costs
parts
everything
tool
once
across
jewelry
follow
garden
park
called
rights
yahoo
among
card
remember
library
cause
eh
problem
created
loss
homepage
example
events
summary
close
voice
selection
cash
want
eh
know
then
results
follow
rights
effects
item
reviews
discussion
outside
statement
item
these
written
june
official
software
park
included
these
location
email
areas
response
side
privacy
fire
space
cnet
february
even
corporate
privacy
first
certain
news
programs
cover
fire
property
between
very
effects
common
eh
national
individual
including
updated